Component: ARM Compiler 5.06 update 6 (build 750) Tool: armlink [4d35ed]

==============================================================================

Section Cross References

    app.o(i.app_init) refers to led.o(i.LED_init) for LED_init
    app.o(i.app_init) refers to button.o(i.BUTTON_init) for BUTTON_init
    app.o(i.app_init) refers to htimer_program.o(i.HANDLER_init) for HANDLER_init
    app.o(i.app_init) refers to htimer_program.o(i.HANDLER_enable_interrupt) for HANDLER_enable_interrupt
    app.o(i.app_init) refers to app.o(.data) for str_gl_pwm
    app.o(i.app_start) refers to button.o(i.BUTTON_read) for BUTTON_read
    app.o(i.app_start) refers to htimer_program.o(i.HANDLER_start_timer) for HANDLER_start_timer
    app.o(i.app_start) refers to led.o(i.LED_off) for LED_off
    app.o(i.app_start) refers to htimer_program.o(i.HANDLER_set_pwm) for HANDLER_set_pwm
    app.o(i.app_start) refers to gpt_program.o(i.GPT_set_pwm) for GPT_set_pwm
    app.o(i.app_start) refers to htimer_program.o(i.HANDLER_stop_timer) for HANDLER_stop_timer
    app.o(i.app_start) refers to app.o(.data) for gl_lock_state
    app.o(i.switch_cycle_pwm) refers to led.o(i.LED_toggle) for LED_toggle
    app.o(.data) refers to app.o(i.switch_cycle_pwm) for switch_cycle_pwm
    gpio_program.o(i.GPIOA_Handler) refers to gpio_program.o(.bss) for gl_arr_pf_gpio_cb
    gpio_program.o(i.GPIOB_Handler) refers to gpio_program.o(.bss) for gl_arr_pf_gpio_cb
    gpio_program.o(i.GPIOC_Handler) refers to gpio_program.o(.bss) for gl_arr_pf_gpio_cb
    gpio_program.o(i.GPIOD_Handler) refers to gpio_program.o(.bss) for gl_arr_pf_gpio_cb
    gpio_program.o(i.GPIOE_Handler) refers to gpio_program.o(.bss) for gl_arr_pf_gpio_cb
    gpio_program.o(i.GPIOF_Handler) refers to gpio_program.o(.bss) for gl_arr_pf_gpio_cb
    gpio_program.o(i.GPIO_enable_interrupt) refers to gpio_program.o(i.__NVIC_EnableIRQ) for __NVIC_EnableIRQ
    gpio_program.o(i.GPIO_enable_interrupt) refers to gpio_program.o(.data) for gl_bool_is_interrupt_enable
    gpio_program.o(i.GPIO_init) refers to gpio_program.o(.data) for gl_bool_is_port_init
    gpio_program.o(i.GPIO_init) refers to gpio_program.o(.bss) for gl_arr_pf_gpio_cb
    led.o(i.LED_init) refers to gpio_program.o(i.GPIO_init) for GPIO_init
    led.o(i.LED_init) refers to led_cfg.o(.constdata) for gl_Led_Config
    led.o(i.LED_off) refers to gpio_program.o(i.GPIO_write) for GPIO_write
    led.o(i.LED_off) refers to led_cfg.o(.constdata) for gl_Led_Config
    led.o(i.LED_on) refers to gpio_program.o(i.GPIO_write) for GPIO_write
    led.o(i.LED_on) refers to led_cfg.o(.constdata) for gl_Led_Config
    led.o(i.LED_toggle) refers to gpio_program.o(i.GPIO_toggle) for GPIO_toggle
    led.o(i.LED_toggle) refers to led_cfg.o(.constdata) for gl_Led_Config
    button.o(i.BUTTON_init) refers to gpio_program.o(i.GPIO_init) for GPIO_init
    button.o(i.BUTTON_init) refers to button_cfg.o(.constdata) for gl_button_Config
    button.o(i.BUTTON_read) refers to gpio_program.o(i.GPIO_read) for GPIO_read
    button.o(i.BUTTON_read) refers to button_cfg.o(.constdata) for gl_button_Config
    gpt_program.o(i.GPT_disable_interrupt) refers to gpt_program.o(i.__NVIC_DisableIRQ) for __NVIC_DisableIRQ
    gpt_program.o(i.GPT_enable_interrupt) refers to gpt_program.o(i.__NVIC_EnableIRQ) for __NVIC_EnableIRQ
    gpt_program.o(i.GPT_get_elapsed_time) refers to dflt_clz.o(x$fpl$dfltu) for __aeabi_ui2d
    gpt_program.o(i.GPT_get_elapsed_time) refers to ddiv.o(x$fpl$ddiv) for __aeabi_ddiv
    gpt_program.o(i.GPT_get_elapsed_time) refers to dfixu.o(x$fpl$dfixu) for __aeabi_d2uiz
    gpt_program.o(i.GPT_get_remaining_time) refers to dflt_clz.o(x$fpl$dfltu) for __aeabi_ui2d
    gpt_program.o(i.GPT_get_remaining_time) refers to ddiv.o(x$fpl$ddiv) for __aeabi_ddiv
    gpt_program.o(i.GPT_get_remaining_time) refers to dfixu.o(x$fpl$dfixu) for __aeabi_d2uiz
    gpt_program.o(i.GPT_init) refers to gpt_program.o(.bss) for bool_gs_is_timer_init
    gpt_program.o(i.GPT_set_pwm) refers to gpt_program.o(i.GPT_start_timer) for GPT_start_timer
    gpt_program.o(i.GPT_set_pwm) refers to gpt_program.o(.bss) for bool_gs_is_timer_init
    gpt_program.o(i.GPT_set_pwm) refers to gpt_program.o(.data) for bool_gs_is_high_period
    gpt_program.o(i.GPT_start_timer) refers to dflt_clz.o(x$fpl$dfltu) for __aeabi_ui2d
    gpt_program.o(i.GPT_start_timer) refers to ddiv.o(x$fpl$ddiv) for __aeabi_ddiv
    gpt_program.o(i.GPT_start_timer) refers to dfixu.o(x$fpl$dfixu) for __aeabi_d2uiz
    gpt_program.o(i.GPT_start_timer) refers to gpt_program.o(i.GPT_stop_timer) for GPT_stop_timer
    gpt_program.o(i.GPT_start_timer) refers to gpt_program.o(.bss) for bool_gs_is_timer_init
    gpt_program.o(i.TIMER0A_Handler) refers to gpt_program.o(.bss) for ptrf_gs_array
    gpt_program.o(i.WTIMER0A_Handler) refers to gpt_program.o(i.GPT_stop_timer) for GPT_stop_timer
    gpt_program.o(i.WTIMER0A_Handler) refers to gpt_program.o(i.GPT_start_timer) for GPT_start_timer
    gpt_program.o(i.WTIMER0A_Handler) refers to gpt_program.o(.bss) for ptrf_gs_array
    gpt_program.o(i.WTIMER0A_Handler) refers to gpt_program.o(.data) for bool_gs_is_high_period
    main.o(i.main) refers to app.o(i.app_init) for app_init
    main.o(i.main) refers to app.o(i.app_start) for app_start
    htimer_program.o(i.HANDLER_disable_interrupt) refers to gpt_program.o(i.GPT_disable_interrupt) for GPT_disable_interrupt
    htimer_program.o(i.HANDLER_enable_interrupt) refers to gpt_program.o(i.GPT_enable_interrupt) for GPT_enable_interrupt
    htimer_program.o(i.HANDLER_get_elapsed_time) refers to gpt_program.o(i.GPT_get_elapsed_time) for GPT_get_elapsed_time
    htimer_program.o(i.HANDLER_get_remaining_time) refers to gpt_program.o(i.GPT_get_remaining_time) for GPT_get_remaining_time
    htimer_program.o(i.HANDLER_init) refers to gpt_program.o(i.GPT_init) for GPT_init
    htimer_program.o(i.HANDLER_set_pwm) refers to gpt_program.o(i.GPT_set_pwm) for GPT_set_pwm
    htimer_program.o(i.HANDLER_start_timer) refers to gpt_program.o(i.GPT_start_timer) for GPT_start_timer
    htimer_program.o(i.HANDLER_stop_timer) refers to gpt_program.o(i.GPT_stop_timer) for GPT_stop_timer
    startup_tm4c123.o(STACK) refers (Special) to heapauxi.o(.text) for __use_two_region_memory
    startup_tm4c123.o(HEAP) refers (Special) to heapauxi.o(.text) for __use_two_region_memory
    startup_tm4c123.o(RESET) refers (Special) to heapauxi.o(.text) for __use_two_region_memory
    startup_tm4c123.o(RESET) refers to startup_tm4c123.o(STACK) for __initial_sp
    startup_tm4c123.o(RESET) refers to startup_tm4c123.o(.text) for Reset_Handler
    startup_tm4c123.o(RESET) refers to gpio_program.o(i.GPIOA_Handler) for GPIOA_Handler
    startup_tm4c123.o(RESET) refers to gpio_program.o(i.GPIOB_Handler) for GPIOB_Handler
    startup_tm4c123.o(RESET) refers to gpio_program.o(i.GPIOC_Handler) for GPIOC_Handler
    startup_tm4c123.o(RESET) refers to gpio_program.o(i.GPIOD_Handler) for GPIOD_Handler
    startup_tm4c123.o(RESET) refers to gpio_program.o(i.GPIOE_Handler) for GPIOE_Handler
    startup_tm4c123.o(RESET) refers to gpt_program.o(i.TIMER0A_Handler) for TIMER0A_Handler
    startup_tm4c123.o(RESET) refers to gpio_program.o(i.GPIOF_Handler) for GPIOF_Handler
    startup_tm4c123.o(RESET) refers to gpt_program.o(i.WTIMER0A_Handler) for WTIMER0A_Handler
    startup_tm4c123.o(.text) refers (Special) to heapauxi.o(.text) for __use_two_region_memory
    startup_tm4c123.o(.text) refers to system_tm4c123.o(i.SystemInit) for SystemInit
    startup_tm4c123.o(.text) refers to __main.o(!!!main) for __main
    startup_tm4c123.o(.text) refers to startup_tm4c123.o(HEAP) for Heap_Mem
    startup_tm4c123.o(.text) refers to startup_tm4c123.o(STACK) for Stack_Mem
    system_tm4c123.o(i.SystemCoreClockUpdate) refers to system_tm4c123.o(i.getOscClk) for getOscClk
    system_tm4c123.o(i.SystemCoreClockUpdate) refers to system_tm4c123.o(.data) for SystemCoreClock
    __main.o(!!!main) refers to __rtentry.o(.ARM.Collect$$rtentry$$00000000) for __rt_entry
    ddiv.o(x$fpl$drdiv) refers (Special) to usenofp.o(x$fpl$usenofp) for __I$use$fp
    ddiv.o(x$fpl$drdiv) refers to ddiv.o(x$fpl$ddiv) for ddiv_entry
    ddiv.o(x$fpl$ddiv) refers (Special) to usenofp.o(x$fpl$usenofp) for __I$use$fp
    ddiv.o(x$fpl$ddiv) refers to dretinf.o(x$fpl$dretinf) for __fpl_dretinf
    ddiv.o(x$fpl$ddiv) refers to dnaninf.o(x$fpl$dnaninf) for __fpl_dnaninf
    dfixu.o(x$fpl$dfixu) refers (Special) to usenofp.o(x$fpl$usenofp) for __I$use$fp
    dfixu.o(x$fpl$dfixu) refers to dnaninf.o(x$fpl$dnaninf) for __fpl_dnaninf
    dfixu.o(x$fpl$dfixur) refers (Special) to usenofp.o(x$fpl$usenofp) for __I$use$fp
    dfixu.o(x$fpl$dfixur) refers to dnaninf.o(x$fpl$dnaninf) for __fpl_dnaninf
    dflt_clz.o(x$fpl$dfltu) refers (Special) to usenofp.o(x$fpl$usenofp) for __I$use$fp
    dflt_clz.o(x$fpl$dflt) refers (Special) to usenofp.o(x$fpl$usenofp) for __I$use$fp
    dflt_clz.o(x$fpl$dfltn) refers (Special) to usenofp.o(x$fpl$usenofp) for __I$use$fp
    __rtentry.o(.ARM.Collect$$rtentry$$00000000) refers (Special) to __rtentry2.o(.ARM.Collect$$rtentry$$0000000A) for __rt_entry_li
    __rtentry.o(.ARM.Collect$$rtentry$$00000000) refers (Special) to __rtentry2.o(.ARM.Collect$$rtentry$$0000000D) for __rt_entry_main
    __rtentry.o(.ARM.Collect$$rtentry$$00000000) refers (Special) to __rtentry2.o(.ARM.Collect$$rtentry$$0000000C) for __rt_entry_postli_1
    __rtentry.o(.ARM.Collect$$rtentry$$00000000) refers (Special) to __rtentry2.o(.ARM.Collect$$rtentry$$00000009) for __rt_entry_postsh_1
    __rtentry.o(.ARM.Collect$$rtentry$$00000000) refers (Special) to __rtentry2.o(.ARM.Collect$$rtentry$$00000002) for __rt_entry_presh_1
    __rtentry.o(.ARM.Collect$$rtentry$$00000000) refers (Special) to __rtentry4.o(.ARM.Collect$$rtentry$$00000004) for __rt_entry_sh
    dnaninf.o(x$fpl$dnaninf) refers (Special) to usenofp.o(x$fpl$usenofp) for __I$use$fp
    dretinf.o(x$fpl$dretinf) refers (Special) to usenofp.o(x$fpl$usenofp) for __I$use$fp
    __rtentry2.o(.ARM.Collect$$rtentry$$00000008) refers to boardinit2.o(.text) for _platform_post_stackheap_init
    __rtentry2.o(.ARM.Collect$$rtentry$$0000000A) refers to libinit.o(.ARM.Collect$$libinit$$00000000) for __rt_lib_init
    __rtentry2.o(.ARM.Collect$$rtentry$$0000000B) refers to boardinit3.o(.text) for _platform_post_lib_init
    __rtentry2.o(.ARM.Collect$$rtentry$$0000000D) refers to main.o(i.main) for main
    __rtentry2.o(.ARM.Collect$$rtentry$$0000000D) refers to exit.o(.text) for exit
    __rtentry2.o(.ARM.exidx) refers to __rtentry2.o(.ARM.Collect$$rtentry$$00000001) for .ARM.Collect$$rtentry$$00000001
    __rtentry2.o(.ARM.exidx) refers to __rtentry2.o(.ARM.Collect$$rtentry$$00000008) for .ARM.Collect$$rtentry$$00000008
    __rtentry2.o(.ARM.exidx) refers to __rtentry2.o(.ARM.Collect$$rtentry$$0000000A) for .ARM.Collect$$rtentry$$0000000A
    __rtentry2.o(.ARM.exidx) refers to __rtentry2.o(.ARM.Collect$$rtentry$$0000000B) for .ARM.Collect$$rtentry$$0000000B
    __rtentry2.o(.ARM.exidx) refers to __rtentry2.o(.ARM.Collect$$rtentry$$0000000D) for .ARM.Collect$$rtentry$$0000000D
    __rtentry4.o(.ARM.Collect$$rtentry$$00000004) refers to sys_stackheap_outer.o(.text) for __user_setup_stackheap
    __rtentry4.o(.ARM.exidx) refers to __rtentry4.o(.ARM.Collect$$rtentry$$00000004) for .ARM.Collect$$rtentry$$00000004
    sys_stackheap_outer.o(.text) refers to libspace.o(.text) for __user_perproc_libspace
    sys_stackheap_outer.o(.text) refers to startup_tm4c123.o(.text) for __user_initial_stackheap
    exit.o(.text) refers to rtexit.o(.ARM.Collect$$rtexit$$00000000) for __rt_exit
    libinit.o(.ARM.Collect$$libinit$$00000000) refers (Special) to libinit2.o(.ARM.Collect$$libinit$$0000002E) for __rt_lib_init_alloca_1
    libinit.o(.ARM.Collect$$libinit$$00000000) refers (Special) to libinit2.o(.ARM.Collect$$libinit$$0000002C) for __rt_lib_init_argv_1
    libinit.o(.ARM.Collect$$libinit$$00000000) refers (Special) to libinit2.o(.ARM.Collect$$libinit$$0000001B) for __rt_lib_init_atexit_1
    libinit.o(.ARM.Collect$$libinit$$00000000) refers (Special) to libinit2.o(.ARM.Collect$$libinit$$00000021) for __rt_lib_init_clock_1
    libinit.o(.ARM.Collect$$libinit$$00000000) refers (Special) to libinit2.o(.ARM.Collect$$libinit$$00000032) for __rt_lib_init_cpp_1
    libinit.o(.ARM.Collect$$libinit$$00000000) refers (Special) to libinit2.o(.ARM.Collect$$libinit$$00000030) for __rt_lib_init_exceptions_1
    libinit.o(.ARM.Collect$$libinit$$00000000) refers (Special) to libinit2.o(.ARM.Collect$$libinit$$00000001) for __rt_lib_init_fp_1
    libinit.o(.ARM.Collect$$libinit$$00000000) refers (Special) to libinit2.o(.ARM.Collect$$libinit$$0000001F) for __rt_lib_init_fp_trap_1
    libinit.o(.ARM.Collect$$libinit$$00000000) refers (Special) to libinit2.o(.ARM.Collect$$libinit$$00000023) for __rt_lib_init_getenv_1
    libinit.o(.ARM.Collect$$libinit$$00000000) refers (Special) to libinit2.o(.ARM.Collect$$libinit$$0000000A) for __rt_lib_init_heap_1
    libinit.o(.ARM.Collect$$libinit$$00000000) refers (Special) to libinit2.o(.ARM.Collect$$libinit$$00000011) for __rt_lib_init_lc_collate_1
    libinit.o(.ARM.Collect$$libinit$$00000000) refers (Special) to libinit2.o(.ARM.Collect$$libinit$$00000013) for __rt_lib_init_lc_ctype_1
    libinit.o(.ARM.Collect$$libinit$$00000000) refers (Special) to libinit2.o(.ARM.Collect$$libinit$$00000015) for __rt_lib_init_lc_monetary_1
    libinit.o(.ARM.Collect$$libinit$$00000000) refers (Special) to libinit2.o(.ARM.Collect$$libinit$$00000017) for __rt_lib_init_lc_numeric_1
    libinit.o(.ARM.Collect$$libinit$$00000000) refers (Special) to libinit2.o(.ARM.Collect$$libinit$$00000019) for __rt_lib_init_lc_time_1
    libinit.o(.ARM.Collect$$libinit$$00000000) refers (Special) to libinit2.o(.ARM.Collect$$libinit$$00000004) for __rt_lib_init_preinit_1
    libinit.o(.ARM.Collect$$libinit$$00000000) refers (Special) to libinit2.o(.ARM.Collect$$libinit$$0000000E) for __rt_lib_init_rand_1
    libinit.o(.ARM.Collect$$libinit$$00000000) refers (Special) to libinit2.o(.ARM.Collect$$libinit$$00000033) for __rt_lib_init_return
    libinit.o(.ARM.Collect$$libinit$$00000000) refers (Special) to libinit2.o(.ARM.Collect$$libinit$$0000001D) for __rt_lib_init_signal_1
    libinit.o(.ARM.Collect$$libinit$$00000000) refers (Special) to libinit2.o(.ARM.Collect$$libinit$$00000025) for __rt_lib_init_stdio_1
    libinit.o(.ARM.Collect$$libinit$$00000000) refers (Special) to libinit2.o(.ARM.Collect$$libinit$$0000000C) for __rt_lib_init_user_alloc_1
    libspace.o(.text) refers to libspace.o(.bss) for __libspace_start
    rtexit.o(.ARM.Collect$$rtexit$$00000000) refers (Special) to rtexit2.o(.ARM.Collect$$rtexit$$00000004) for __rt_exit_exit
    rtexit.o(.ARM.Collect$$rtexit$$00000000) refers (Special) to rtexit2.o(.ARM.Collect$$rtexit$$00000003) for __rt_exit_ls
    rtexit.o(.ARM.Collect$$rtexit$$00000000) refers (Special) to rtexit2.o(.ARM.Collect$$rtexit$$00000002) for __rt_exit_prels_1
    rtexit.o(.ARM.exidx) refers (Special) to rtexit2.o(.ARM.Collect$$rtexit$$00000004) for __rt_exit_exit
    rtexit.o(.ARM.exidx) refers (Special) to rtexit2.o(.ARM.Collect$$rtexit$$00000003) for __rt_exit_ls
    rtexit.o(.ARM.exidx) refers (Special) to rtexit2.o(.ARM.Collect$$rtexit$$00000002) for __rt_exit_prels_1
    rtexit.o(.ARM.exidx) refers to rtexit.o(.ARM.Collect$$rtexit$$00000000) for .ARM.Collect$$rtexit$$00000000
    libinit2.o(.ARM.Collect$$libinit$$00000001) refers to fpinit.o(x$fpl$fpinit) for _fp_init
    libinit2.o(.ARM.Collect$$libinit$$00000010) refers to libinit2.o(.ARM.Collect$$libinit$$0000000F) for .ARM.Collect$$libinit$$0000000F
    libinit2.o(.ARM.Collect$$libinit$$00000012) refers to libinit2.o(.ARM.Collect$$libinit$$0000000F) for .ARM.Collect$$libinit$$0000000F
    libinit2.o(.ARM.Collect$$libinit$$00000014) refers to libinit2.o(.ARM.Collect$$libinit$$0000000F) for .ARM.Collect$$libinit$$0000000F
    libinit2.o(.ARM.Collect$$libinit$$00000016) refers to libinit2.o(.ARM.Collect$$libinit$$0000000F) for .ARM.Collect$$libinit$$0000000F
    libinit2.o(.ARM.Collect$$libinit$$00000018) refers to libinit2.o(.ARM.Collect$$libinit$$0000000F) for .ARM.Collect$$libinit$$0000000F
    libinit2.o(.ARM.Collect$$libinit$$00000026) refers to argv_veneer.o(.emb_text) for __ARM_argv_veneer
    libinit2.o(.ARM.Collect$$libinit$$00000027) refers to argv_veneer.o(.emb_text) for __ARM_argv_veneer
    rtexit2.o(.ARM.Collect$$rtexit$$00000003) refers to libshutdown.o(.ARM.Collect$$libshutdown$$00000000) for __rt_lib_shutdown
    rtexit2.o(.ARM.Collect$$rtexit$$00000004) refers to sys_exit.o(.text) for _sys_exit
    rtexit2.o(.ARM.exidx) refers to rtexit2.o(.ARM.Collect$$rtexit$$00000001) for .ARM.Collect$$rtexit$$00000001
    rtexit2.o(.ARM.exidx) refers to rtexit2.o(.ARM.Collect$$rtexit$$00000003) for .ARM.Collect$$rtexit$$00000003
    rtexit2.o(.ARM.exidx) refers to rtexit2.o(.ARM.Collect$$rtexit$$00000004) for .ARM.Collect$$rtexit$$00000004
    argv_veneer.o(.emb_text) refers to no_argv.o(.text) for __ARM_get_argv
    sys_exit.o(.text) refers (Special) to use_no_semi.o(.text) for __I$use$semihosting
    sys_exit.o(.text) refers (Special) to indicate_semi.o(.text) for __semihosting_library_function
    _get_argv_nomalloc.o(.text) refers (Special) to hrguard.o(.text) for __heap_region$guard
    _get_argv_nomalloc.o(.text) refers to defsig_rtmem_outer.o(.text) for __rt_SIGRTMEM
    _get_argv_nomalloc.o(.text) refers to sys_command.o(.text) for _sys_command_string
    libshutdown.o(.ARM.Collect$$libshutdown$$00000000) refers (Special) to libshutdown2.o(.ARM.Collect$$libshutdown$$00000002) for __rt_lib_shutdown_cpp_1
    libshutdown.o(.ARM.Collect$$libshutdown$$00000000) refers (Special) to libshutdown2.o(.ARM.Collect$$libshutdown$$00000007) for __rt_lib_shutdown_fp_trap_1
    libshutdown.o(.ARM.Collect$$libshutdown$$00000000) refers (Special) to libshutdown2.o(.ARM.Collect$$libshutdown$$0000000F) for __rt_lib_shutdown_heap_1
    libshutdown.o(.ARM.Collect$$libshutdown$$00000000) refers (Special) to libshutdown2.o(.ARM.Collect$$libshutdown$$00000010) for __rt_lib_shutdown_return
    libshutdown.o(.ARM.Collect$$libshutdown$$00000000) refers (Special) to libshutdown2.o(.ARM.Collect$$libshutdown$$0000000A) for __rt_lib_shutdown_signal_1
    libshutdown.o(.ARM.Collect$$libshutdown$$00000000) refers (Special) to libshutdown2.o(.ARM.Collect$$libshutdown$$00000004) for __rt_lib_shutdown_stdio_1
    libshutdown.o(.ARM.Collect$$libshutdown$$00000000) refers (Special) to libshutdown2.o(.ARM.Collect$$libshutdown$$0000000C) for __rt_lib_shutdown_user_alloc_1
    sys_command.o(.text) refers (Special) to use_no_semi.o(.text) for __I$use$semihosting
    sys_command.o(.text) refers (Special) to indicate_semi.o(.text) for __semihosting_library_function
    defsig_rtmem_outer.o(.text) refers to defsig_rtmem_inner.o(.text) for __rt_SIGRTMEM_inner
    defsig_rtmem_outer.o(.text) refers to defsig_exit.o(.text) for __sig_exit
    defsig_rtmem_formal.o(.text) refers to rt_raise.o(.text) for __rt_raise
    rt_raise.o(.text) refers to __raise.o(.text) for __raise
    rt_raise.o(.text) refers to sys_exit.o(.text) for _sys_exit
    defsig_exit.o(.text) refers to sys_exit.o(.text) for _sys_exit
    defsig_rtmem_inner.o(.text) refers to defsig_general.o(.text) for __default_signal_display
    __raise.o(.text) refers to defsig.o(CL$$defsig) for __default_signal_handler
    defsig_general.o(.text) refers to sys_wrch.o(.text) for _ttywrch
    sys_wrch.o(.text) refers (Special) to use_no_semi.o(.text) for __I$use$semihosting
    sys_wrch.o(.text) refers (Special) to indicate_semi.o(.text) for __semihosting_library_function
    defsig.o(CL$$defsig) refers to defsig_rtmem_inner.o(.text) for __rt_SIGRTMEM_inner
    defsig_abrt_inner.o(.text) refers to defsig_general.o(.text) for __default_signal_display
    defsig_fpe_inner.o(.text) refers to defsig_general.o(.text) for __default_signal_display
    defsig_rtred_inner.o(.text) refers to defsig_general.o(.text) for __default_signal_display
    defsig_stak_inner.o(.text) refers to defsig_general.o(.text) for __default_signal_display
    defsig_pvfn_inner.o(.text) refers to defsig_general.o(.text) for __default_signal_display
    defsig_cppl_inner.o(.text) refers to defsig_general.o(.text) for __default_signal_display
    defsig_segv_inner.o(.text) refers to defsig_general.o(.text) for __default_signal_display
    defsig_other.o(.text) refers to defsig_general.o(.text) for __default_signal_display


==============================================================================

Removing Unused input sections from the image.

    Removing gpio_program.o(.rev16_text), (4 bytes).
    Removing gpio_program.o(.revsh_text), (4 bytes).
    Removing gpio_program.o(.rrx_text), (6 bytes).
    Removing gpio_program.o(i.GPIO_disable_interrupt), (76 bytes).
    Removing gpio_program.o(i.GPIO_enable_interrupt), (184 bytes).
    Removing gpio_program.o(i.__NVIC_EnableIRQ), (34 bytes).
    Removing led.o(i.LED_on), (104 bytes).
    Removing gpt_program.o(.rev16_text), (4 bytes).
    Removing gpt_program.o(.revsh_text), (4 bytes).
    Removing gpt_program.o(.rrx_text), (6 bytes).
    Removing gpt_program.o(i.GPT_disable_interrupt), (132 bytes).
    Removing gpt_program.o(i.GPT_get_elapsed_time), (124 bytes).
    Removing gpt_program.o(i.GPT_get_remaining_time), (100 bytes).
    Removing gpt_program.o(i.__NVIC_DisableIRQ), (60 bytes).
    Removing htimer_program.o(i.HANDLER_disable_interrupt), (24 bytes).
    Removing htimer_program.o(i.HANDLER_get_elapsed_time), (32 bytes).
    Removing htimer_program.o(i.HANDLER_get_remaining_time), (32 bytes).
    Removing system_tm4c123.o(.rev16_text), (4 bytes).
    Removing system_tm4c123.o(.revsh_text), (4 bytes).
    Removing system_tm4c123.o(.rrx_text), (6 bytes).
    Removing system_tm4c123.o(i.SystemCoreClockUpdate), (196 bytes).
    Removing system_tm4c123.o(i.getOscClk), (244 bytes).
    Removing system_tm4c123.o(.data), (4 bytes).

23 unused section(s) (total 1388 bytes) removed from the image.

==============================================================================

Image Symbol Table

    Local Symbols

    Symbol Name                              Value     Ov Type        Size  Object(Section)

    RESET                                    0x00000000   Section      620  startup_tm4c123.o(RESET)
    ../clib/angel/boardlib.s                 0x00000000   Number         0  boardinit3.o ABSOLUTE
    ../clib/angel/boardlib.s                 0x00000000   Number         0  boardshut.o ABSOLUTE
    ../clib/angel/boardlib.s                 0x00000000   Number         0  boardinit2.o ABSOLUTE
    ../clib/angel/boardlib.s                 0x00000000   Number         0  boardinit1.o ABSOLUTE
    ../clib/angel/handlers.s                 0x00000000   Number         0  __scatter_copy.o ABSOLUTE
    ../clib/angel/handlers.s                 0x00000000   Number         0  __scatter_zi.o ABSOLUTE
    ../clib/angel/kernel.s                   0x00000000   Number         0  __rtentry2.o ABSOLUTE
    ../clib/angel/kernel.s                   0x00000000   Number         0  rtexit2.o ABSOLUTE
    ../clib/angel/kernel.s                   0x00000000   Number         0  rtexit.o ABSOLUTE
    ../clib/angel/kernel.s                   0x00000000   Number         0  __rtentry.o ABSOLUTE
    ../clib/angel/kernel.s                   0x00000000   Number         0  __rtentry4.o ABSOLUTE
    ../clib/angel/rt.s                       0x00000000   Number         0  rt_raise.o ABSOLUTE
    ../clib/angel/scatter.s                  0x00000000   Number         0  __scatter.o ABSOLUTE
    ../clib/angel/startup.s                  0x00000000   Number         0  __main.o ABSOLUTE
    ../clib/angel/sys.s                      0x00000000   Number         0  libspace.o ABSOLUTE
    ../clib/angel/sys.s                      0x00000000   Number         0  use_no_semi.o ABSOLUTE
    ../clib/angel/sys.s                      0x00000000   Number         0  indicate_semi.o ABSOLUTE
    ../clib/angel/sys.s                      0x00000000   Number         0  sys_stackheap_outer.o ABSOLUTE
    ../clib/angel/sysapp.c                   0x00000000   Number         0  sys_command.o ABSOLUTE
    ../clib/angel/sysapp.c                   0x00000000   Number         0  sys_wrch.o ABSOLUTE
    ../clib/angel/sysapp.c                   0x00000000   Number         0  sys_exit.o ABSOLUTE
    ../clib/armsys.c                         0x00000000   Number         0  argv_veneer.o ABSOLUTE
    ../clib/armsys.c                         0x00000000   Number         0  argv_veneer.o ABSOLUTE
    ../clib/armsys.c                         0x00000000   Number         0  _get_argv_nomalloc.o ABSOLUTE
    ../clib/armsys.c                         0x00000000   Number         0  no_argv.o ABSOLUTE
    ../clib/heapalloc.c                      0x00000000   Number         0  hrguard.o ABSOLUTE
    ../clib/heapaux.c                        0x00000000   Number         0  heapauxi.o ABSOLUTE
    ../clib/libinit.s                        0x00000000   Number         0  libinit2.o ABSOLUTE
    ../clib/libinit.s                        0x00000000   Number         0  libinit.o ABSOLUTE
    ../clib/libinit.s                        0x00000000   Number         0  libshutdown.o ABSOLUTE
    ../clib/libinit.s                        0x00000000   Number         0  libshutdown2.o ABSOLUTE
    ../clib/signal.c                         0x00000000   Number         0  defsig_rtmem_inner.o ABSOLUTE
    ../clib/signal.c                         0x00000000   Number         0  defsig_exit.o ABSOLUTE
    ../clib/signal.c                         0x00000000   Number         0  defsig_rtmem_formal.o ABSOLUTE
    ../clib/signal.c                         0x00000000   Number         0  defsig_rtmem_outer.o ABSOLUTE
    ../clib/signal.c                         0x00000000   Number         0  defsig_fpe_inner.o ABSOLUTE
    ../clib/signal.c                         0x00000000   Number         0  defsig_other.o ABSOLUTE
    ../clib/signal.c                         0x00000000   Number         0  defsig_segv_inner.o ABSOLUTE
    ../clib/signal.c                         0x00000000   Number         0  defsig_cppl_inner.o ABSOLUTE
    ../clib/signal.c                         0x00000000   Number         0  defsig_pvfn_inner.o ABSOLUTE
    ../clib/signal.c                         0x00000000   Number         0  defsig_stak_inner.o ABSOLUTE
    ../clib/signal.c                         0x00000000   Number         0  defsig_rtred_inner.o ABSOLUTE
    ../clib/signal.c                         0x00000000   Number         0  defsig_abrt_inner.o ABSOLUTE
    ../clib/signal.c                         0x00000000   Number         0  defsig_general.o ABSOLUTE
    ../clib/signal.c                         0x00000000   Number         0  __raise.o ABSOLUTE
    ../clib/signal.s                         0x00000000   Number         0  defsig.o ABSOLUTE
    ../clib/stdlib.c                         0x00000000   Number         0  exit.o ABSOLUTE
    ../fplib/ddiv.s                          0x00000000   Number         0  ddiv.o ABSOLUTE
    ../fplib/dfixu.s                         0x00000000   Number         0  dfixu.o ABSOLUTE
    ../fplib/dflt.s                          0x00000000   Number         0  dflt_clz.o ABSOLUTE
    ../fplib/dnaninf.s                       0x00000000   Number         0  dnaninf.o ABSOLUTE
    ../fplib/dretinf.s                       0x00000000   Number         0  dretinf.o ABSOLUTE
    ../fplib/fpinit.s                        0x00000000   Number         0  fpinit.o ABSOLUTE
    ../fplib/usenofp.s                       0x00000000   Number         0  usenofp.o ABSOLUTE
    App\app.c                                0x00000000   Number         0  app.o ABSOLUTE
    HAL\button\button.c                      0x00000000   Number         0  button.o ABSOLUTE
    HAL\button\button_cfg.c                  0x00000000   Number         0  button_cfg.o ABSOLUTE
    HAL\htimer\htimer_program.c              0x00000000   Number         0  htimer_program.o ABSOLUTE
    HAL\led\led.c                            0x00000000   Number         0  led.o ABSOLUTE
    HAL\led\led_cfg.c                        0x00000000   Number         0  led_cfg.o ABSOLUTE
    MCAL\\gpio\\gpio_program.c               0x00000000   Number         0  gpio_program.o ABSOLUTE
    MCAL\\gpt\\gpt_program.c                 0x00000000   Number         0  gpt_program.o ABSOLUTE
    MCAL\gpio\gpio_program.c                 0x00000000   Number         0  gpio_program.o ABSOLUTE
    MCAL\gpt\gpt_program.c                   0x00000000   Number         0  gpt_program.o ABSOLUTE
    RTE\Device\TM4C123GH6PM\startup_TM4C123.s 0x00000000   Number         0  startup_tm4c123.o ABSOLUTE
    RTE\Device\TM4C123GH6PM\system_TM4C123.c 0x00000000   Number         0  system_tm4c123.o ABSOLUTE
    RTE\\Device\\TM4C123GH6PM\\system_TM4C123.c 0x00000000   Number         0  system_tm4c123.o ABSOLUTE
    dc.s                                     0x00000000   Number         0  dc.o ABSOLUTE
    main.c                                   0x00000000   Number         0  main.o ABSOLUTE
    !!!main                                  0x0000026c   Section        8  __main.o(!!!main)
    !!!scatter                               0x00000274   Section       52  __scatter.o(!!!scatter)
    !!handler_copy                           0x000002a8   Section       26  __scatter_copy.o(!!handler_copy)
    !!handler_zi                             0x000002c4   Section       28  __scatter_zi.o(!!handler_zi)
    .ARM.Collect$$libinit$$00000000          0x000002e0   Section        2  libinit.o(.ARM.Collect$$libinit$$00000000)
    .ARM.Collect$$libinit$$00000001          0x000002e2   Section        4  libinit2.o(.ARM.Collect$$libinit$$00000001)
    .ARM.Collect$$libinit$$00000004          0x000002e6   Section        0  libinit2.o(.ARM.Collect$$libinit$$00000004)
    .ARM.Collect$$libinit$$0000000A          0x000002e6   Section        0  libinit2.o(.ARM.Collect$$libinit$$0000000A)
    .ARM.Collect$$libinit$$0000000C          0x000002e6   Section        0  libinit2.o(.ARM.Collect$$libinit$$0000000C)
    .ARM.Collect$$libinit$$0000000E          0x000002e6   Section        0  libinit2.o(.ARM.Collect$$libinit$$0000000E)
    .ARM.Collect$$libinit$$00000011          0x000002e6   Section        0  libinit2.o(.ARM.Collect$$libinit$$00000011)
    .ARM.Collect$$libinit$$00000013          0x000002e6   Section        0  libinit2.o(.ARM.Collect$$libinit$$00000013)
    .ARM.Collect$$libinit$$00000015          0x000002e6   Section        0  libinit2.o(.ARM.Collect$$libinit$$00000015)
    .ARM.Collect$$libinit$$00000017          0x000002e6   Section        0  libinit2.o(.ARM.Collect$$libinit$$00000017)
    .ARM.Collect$$libinit$$00000019          0x000002e6   Section        0  libinit2.o(.ARM.Collect$$libinit$$00000019)
    .ARM.Collect$$libinit$$0000001B          0x000002e6   Section        0  libinit2.o(.ARM.Collect$$libinit$$0000001B)
    .ARM.Collect$$libinit$$0000001D          0x000002e6   Section        0  libinit2.o(.ARM.Collect$$libinit$$0000001D)
    .ARM.Collect$$libinit$$0000001F          0x000002e6   Section        0  libinit2.o(.ARM.Collect$$libinit$$0000001F)
    .ARM.Collect$$libinit$$00000021          0x000002e6   Section        0  libinit2.o(.ARM.Collect$$libinit$$00000021)
    .ARM.Collect$$libinit$$00000023          0x000002e6   Section        0  libinit2.o(.ARM.Collect$$libinit$$00000023)
    .ARM.Collect$$libinit$$00000025          0x000002e6   Section        0  libinit2.o(.ARM.Collect$$libinit$$00000025)
    .ARM.Collect$$libinit$$0000002C          0x000002e6   Section        0  libinit2.o(.ARM.Collect$$libinit$$0000002C)
    .ARM.Collect$$libinit$$0000002E          0x000002e6   Section        0  libinit2.o(.ARM.Collect$$libinit$$0000002E)
    .ARM.Collect$$libinit$$00000030          0x000002e6   Section        0  libinit2.o(.ARM.Collect$$libinit$$00000030)
    .ARM.Collect$$libinit$$00000032          0x000002e6   Section        0  libinit2.o(.ARM.Collect$$libinit$$00000032)
    .ARM.Collect$$libinit$$00000033          0x000002e6   Section        2  libinit2.o(.ARM.Collect$$libinit$$00000033)
    .ARM.Collect$$libshutdown$$00000000      0x000002e8   Section        2  libshutdown.o(.ARM.Collect$$libshutdown$$00000000)
    .ARM.Collect$$libshutdown$$00000002      0x000002ea   Section        0  libshutdown2.o(.ARM.Collect$$libshutdown$$00000002)
    .ARM.Collect$$libshutdown$$00000004      0x000002ea   Section        0  libshutdown2.o(.ARM.Collect$$libshutdown$$00000004)
    .ARM.Collect$$libshutdown$$00000007      0x000002ea   Section        0  libshutdown2.o(.ARM.Collect$$libshutdown$$00000007)
    .ARM.Collect$$libshutdown$$0000000A      0x000002ea   Section        0  libshutdown2.o(.ARM.Collect$$libshutdown$$0000000A)
    .ARM.Collect$$libshutdown$$0000000C      0x000002ea   Section        0  libshutdown2.o(.ARM.Collect$$libshutdown$$0000000C)
    .ARM.Collect$$libshutdown$$0000000F      0x000002ea   Section        0  libshutdown2.o(.ARM.Collect$$libshutdown$$0000000F)
    .ARM.Collect$$libshutdown$$00000010      0x000002ea   Section        2  libshutdown2.o(.ARM.Collect$$libshutdown$$00000010)
    .ARM.Collect$$rtentry$$00000000          0x000002ec   Section        0  __rtentry.o(.ARM.Collect$$rtentry$$00000000)
    .ARM.Collect$$rtentry$$00000002          0x000002ec   Section        0  __rtentry2.o(.ARM.Collect$$rtentry$$00000002)
    .ARM.Collect$$rtentry$$00000004          0x000002ec   Section        6  __rtentry4.o(.ARM.Collect$$rtentry$$00000004)
    .ARM.Collect$$rtentry$$00000009          0x000002f2   Section        0  __rtentry2.o(.ARM.Collect$$rtentry$$00000009)
    .ARM.Collect$$rtentry$$0000000A          0x000002f2   Section        4  __rtentry2.o(.ARM.Collect$$rtentry$$0000000A)
    .ARM.Collect$$rtentry$$0000000C          0x000002f6   Section        0  __rtentry2.o(.ARM.Collect$$rtentry$$0000000C)
    .ARM.Collect$$rtentry$$0000000D          0x000002f6   Section        8  __rtentry2.o(.ARM.Collect$$rtentry$$0000000D)
    .ARM.Collect$$rtexit$$00000000           0x000002fe   Section        2  rtexit.o(.ARM.Collect$$rtexit$$00000000)
    .ARM.Collect$$rtexit$$00000002           0x00000300   Section        0  rtexit2.o(.ARM.Collect$$rtexit$$00000002)
    .ARM.Collect$$rtexit$$00000003           0x00000300   Section        4  rtexit2.o(.ARM.Collect$$rtexit$$00000003)
    .ARM.Collect$$rtexit$$00000004           0x00000304   Section        6  rtexit2.o(.ARM.Collect$$rtexit$$00000004)
    .text                                    0x0000030c   Section      276  startup_tm4c123.o(.text)
    $v0                                      0x0000030c   Number         0  startup_tm4c123.o(.text)
    .text                                    0x00000420   Section        0  heapauxi.o(.text)
    .text                                    0x00000426   Section       74  sys_stackheap_outer.o(.text)
    .text                                    0x00000470   Section        0  exit.o(.text)
    .text                                    0x00000484   Section        8  libspace.o(.text)
    .text                                    0x0000048c   Section        0  sys_exit.o(.text)
    .text                                    0x00000498   Section        2  use_no_semi.o(.text)
    .text                                    0x0000049a   Section        0  indicate_semi.o(.text)
    i.BUTTON_init                            0x0000049c   Section        0  button.o(i.BUTTON_init)
    i.BUTTON_read                            0x000004e0   Section        0  button.o(i.BUTTON_read)
    i.GPIOA_Handler                          0x0000054c   Section        0  gpio_program.o(i.GPIOA_Handler)
    i.GPIOB_Handler                          0x00000598   Section        0  gpio_program.o(i.GPIOB_Handler)
    i.GPIOC_Handler                          0x000005e4   Section        0  gpio_program.o(i.GPIOC_Handler)
    i.GPIOD_Handler                          0x00000630   Section        0  gpio_program.o(i.GPIOD_Handler)
    i.GPIOE_Handler                          0x0000067c   Section        0  gpio_program.o(i.GPIOE_Handler)
    i.GPIOF_Handler                          0x000006c8   Section        0  gpio_program.o(i.GPIOF_Handler)
    i.GPIO_init                              0x00000714   Section        0  gpio_program.o(i.GPIO_init)
    i.GPIO_read                              0x00001418   Section        0  gpio_program.o(i.GPIO_read)
    i.GPIO_toggle                            0x0000145c   Section        0  gpio_program.o(i.GPIO_toggle)
    i.GPIO_write                             0x000014b4   Section        0  gpio_program.o(i.GPIO_write)
    i.GPT_enable_interrupt                   0x00001550   Section        0  gpt_program.o(i.GPT_enable_interrupt)
    i.GPT_init                               0x000015d8   Section        0  gpt_program.o(i.GPT_init)
    i.GPT_set_pwm                            0x00001770   Section        0  gpt_program.o(i.GPT_set_pwm)
    i.GPT_start_timer                        0x000017f8   Section        0  gpt_program.o(i.GPT_start_timer)
    i.GPT_stop_timer                         0x000019cc   Section        0  gpt_program.o(i.GPT_stop_timer)
    i.HANDLER_enable_interrupt               0x00001a18   Section        0  htimer_program.o(i.HANDLER_enable_interrupt)
    i.HANDLER_init                           0x00001a30   Section        0  htimer_program.o(i.HANDLER_init)
    i.HANDLER_set_pwm                        0x00001a48   Section        0  htimer_program.o(i.HANDLER_set_pwm)
    i.HANDLER_start_timer                    0x00001a70   Section        0  htimer_program.o(i.HANDLER_start_timer)
    i.HANDLER_stop_timer                     0x00001a98   Section        0  htimer_program.o(i.HANDLER_stop_timer)
    i.LED_init                               0x00001ab0   Section        0  led.o(i.LED_init)
    i.LED_off                                0x00001af8   Section        0  led.o(i.LED_off)
    i.LED_toggle                             0x00001b60   Section        0  led.o(i.LED_toggle)
    i.SystemInit                             0x00001bc4   Section        0  system_tm4c123.o(i.SystemInit)
    i.TIMER0A_Handler                        0x00001c5c   Section        0  gpt_program.o(i.TIMER0A_Handler)
    i.WTIMER0A_Handler                       0x00001c80   Section        0  gpt_program.o(i.WTIMER0A_Handler)
    i.__NVIC_EnableIRQ                       0x00001ce4   Section        0  gpt_program.o(i.__NVIC_EnableIRQ)
    __NVIC_EnableIRQ                         0x00001ce5   Thumb Code    34  gpt_program.o(i.__NVIC_EnableIRQ)
    i.app_init                               0x00001d08   Section        0  app.o(i.app_init)
    i.app_start                              0x00001d30   Section        0  app.o(i.app_start)
    i.main                                   0x00001e18   Section        0  main.o(i.main)
    i.switch_cycle_pwm                       0x00001e26   Section        0  app.o(i.switch_cycle_pwm)
    x$fpl$ddiv                               0x00001e30   Section      688  ddiv.o(x$fpl$ddiv)
    $v0                                      0x00001e30   Number         0  ddiv.o(x$fpl$ddiv)
    ddiv_entry                               0x00001e37   Thumb Code     0  ddiv.o(x$fpl$ddiv)
    x$fpl$dfixu                              0x000020e0   Section       90  dfixu.o(x$fpl$dfixu)
    $v0                                      0x000020e0   Number         0  dfixu.o(x$fpl$dfixu)
    x$fpl$dfltu                              0x0000213a   Section       38  dflt_clz.o(x$fpl$dfltu)
    $v0                                      0x0000213a   Number         0  dflt_clz.o(x$fpl$dfltu)
    x$fpl$dnaninf                            0x00002160   Section      156  dnaninf.o(x$fpl$dnaninf)
    $v0                                      0x00002160   Number         0  dnaninf.o(x$fpl$dnaninf)
    x$fpl$dretinf                            0x000021fc   Section       12  dretinf.o(x$fpl$dretinf)
    $v0                                      0x000021fc   Number         0  dretinf.o(x$fpl$dretinf)
    x$fpl$fpinit                             0x00002208   Section       10  fpinit.o(x$fpl$fpinit)
    $v0                                      0x00002208   Number         0  fpinit.o(x$fpl$fpinit)
    x$fpl$usenofp                            0x00002212   Section        0  usenofp.o(x$fpl$usenofp)
    .constdata                               0x00002214   Section       60  led_cfg.o(.constdata)
    .constdata                               0x00002250   Section       40  button_cfg.o(.constdata)
    .data                                    0x20000000   Section       20  app.o(.data)
    .data                                    0x20000014   Section       13  gpio_program.o(.data)
    gl_bool_is_port_init                     0x20000014   Data           6  gpio_program.o(.data)
    gl_bool_is_interrupt_enable              0x2000001a   Data           6  gpio_program.o(.data)
    gl_bool_is_irq_enable                    0x20000020   Data           1  gpio_program.o(.data)
    .data                                    0x20000022   Section        5  gpt_program.o(.data)
    u16_gs_high_period                       0x20000022   Data           2  gpt_program.o(.data)
    u16_gs_low_period                        0x20000024   Data           2  gpt_program.o(.data)
    bool_gs_is_high_period                   0x20000026   Data           1  gpt_program.o(.data)
    .bss                                     0x20000028   Section      192  gpio_program.o(.bss)
    gl_arr_pf_gpio_cb                        0x20000028   Data         192  gpio_program.o(.bss)
    .bss                                     0x200000e8   Section       60  gpt_program.o(.bss)
    bool_gs_is_timer_init                    0x200000e8   Data          12  gpt_program.o(.bss)
    ptrf_gs_array                            0x200000f4   Data          48  gpt_program.o(.bss)
    .bss                                     0x20000124   Section       96  libspace.o(.bss)
    HEAP                                     0x20000188   Section        0  startup_tm4c123.o(HEAP)
    STACK                                    0x20000188   Section      512  startup_tm4c123.o(STACK)
    Heap_Mem                                 0x20000188   Data           0  startup_tm4c123.o(HEAP)
    Stack_Mem                                0x20000188   Data         512  startup_tm4c123.o(STACK)
    __initial_sp                             0x20000388   Data           0  startup_tm4c123.o(STACK)

    Global Symbols

    Symbol Name                              Value     Ov Type        Size  Object(Section)

    BuildAttributes$$THM_ISAv4$E$P$D$K$B$S$7EM$VFPi3$EXTD16$VFPS$VFMA$PE$A:L22UL41UL21$X:L11$S22US41US21$IEEE1$IW$USESV6$~STKCKD$USESV7$~SHL$OSPACE$ROPI$EBA8$UX$STANDARDLIB$REQ8$PRES8$EABIv2 0x00000000   Number         0  anon$$obj.o ABSOLUTE
    __ARM_use_no_argv                        0x00000000   Number         0  main.o ABSOLUTE
    __Vectors                                0x00000000   Data           4  startup_tm4c123.o(RESET)
    __ARM_exceptions_init                     - Undefined Weak Reference
    __alloca_initialize                       - Undefined Weak Reference
    __arm_preinit_                            - Undefined Weak Reference
    __cpp_initialize__aeabi_                  - Undefined Weak Reference
    __cxa_finalize                            - Undefined Weak Reference
    __rt_locale                               - Undefined Weak Reference
    __sigvec_lookup                           - Undefined Weak Reference
    _atexit_init                              - Undefined Weak Reference
    _call_atexit_fns                          - Undefined Weak Reference
    _clock_init                               - Undefined Weak Reference
    _fp_trap_init                             - Undefined Weak Reference
    _fp_trap_shutdown                         - Undefined Weak Reference
    _get_lc_collate                           - Undefined Weak Reference
    _get_lc_ctype                             - Undefined Weak Reference
    _get_lc_monetary                          - Undefined Weak Reference
    _get_lc_numeric                           - Undefined Weak Reference
    _get_lc_time                              - Undefined Weak Reference
    _getenv_init                              - Undefined Weak Reference
    _handle_redirection                       - Undefined Weak Reference
    _init_alloc                               - Undefined Weak Reference
    _init_user_alloc                          - Undefined Weak Reference
    _initio                                   - Undefined Weak Reference
    _rand_init                                - Undefined Weak Reference
    _signal_finish                            - Undefined Weak Reference
    _signal_init                              - Undefined Weak Reference
    _terminate_alloc                          - Undefined Weak Reference
    _terminate_user_alloc                     - Undefined Weak Reference
    _terminateio                              - Undefined Weak Reference
    __Vectors_End                            0x0000026c   Data           0  startup_tm4c123.o(RESET)
    __Vectors_Size                           0x0000026c   Number         0  startup_tm4c123.o ABSOLUTE
    __main                                   0x0000026d   Thumb Code     8  __main.o(!!!main)
    __scatterload                            0x00000275   Thumb Code     0  __scatter.o(!!!scatter)
    __scatterload_rt2                        0x00000275   Thumb Code    44  __scatter.o(!!!scatter)
    __scatterload_rt2_thumb_only             0x00000275   Thumb Code     0  __scatter.o(!!!scatter)
    __scatterload_null                       0x00000283   Thumb Code     0  __scatter.o(!!!scatter)
    __scatterload_copy                       0x000002a9   Thumb Code    26  __scatter_copy.o(!!handler_copy)
    __scatterload_zeroinit                   0x000002c5   Thumb Code    28  __scatter_zi.o(!!handler_zi)
    __rt_lib_init                            0x000002e1   Thumb Code     0  libinit.o(.ARM.Collect$$libinit$$00000000)
    __rt_lib_init_fp_1                       0x000002e3   Thumb Code     0  libinit2.o(.ARM.Collect$$libinit$$00000001)
    __rt_lib_init_alloca_1                   0x000002e7   Thumb Code     0  libinit2.o(.ARM.Collect$$libinit$$0000002E)
    __rt_lib_init_argv_1                     0x000002e7   Thumb Code     0  libinit2.o(.ARM.Collect$$libinit$$0000002C)
    __rt_lib_init_atexit_1                   0x000002e7   Thumb Code     0  libinit2.o(.ARM.Collect$$libinit$$0000001B)
    __rt_lib_init_clock_1                    0x000002e7   Thumb Code     0  libinit2.o(.ARM.Collect$$libinit$$00000021)
    __rt_lib_init_cpp_1                      0x000002e7   Thumb Code     0  libinit2.o(.ARM.Collect$$libinit$$00000032)
    __rt_lib_init_exceptions_1               0x000002e7   Thumb Code     0  libinit2.o(.ARM.Collect$$libinit$$00000030)
    __rt_lib_init_fp_trap_1                  0x000002e7   Thumb Code     0  libinit2.o(.ARM.Collect$$libinit$$0000001F)
    __rt_lib_init_getenv_1                   0x000002e7   Thumb Code     0  libinit2.o(.ARM.Collect$$libinit$$00000023)
    __rt_lib_init_heap_1                     0x000002e7   Thumb Code     0  libinit2.o(.ARM.Collect$$libinit$$0000000A)
    __rt_lib_init_lc_collate_1               0x000002e7   Thumb Code     0  libinit2.o(.ARM.Collect$$libinit$$00000011)
    __rt_lib_init_lc_ctype_1                 0x000002e7   Thumb Code     0  libinit2.o(.ARM.Collect$$libinit$$00000013)
    __rt_lib_init_lc_monetary_1              0x000002e7   Thumb Code     0  libinit2.o(.ARM.Collect$$libinit$$00000015)
    __rt_lib_init_lc_numeric_1               0x000002e7   Thumb Code     0  libinit2.o(.ARM.Collect$$libinit$$00000017)
    __rt_lib_init_lc_time_1                  0x000002e7   Thumb Code     0  libinit2.o(.ARM.Collect$$libinit$$00000019)
    __rt_lib_init_preinit_1                  0x000002e7   Thumb Code     0  libinit2.o(.ARM.Collect$$libinit$$00000004)
    __rt_lib_init_rand_1                     0x000002e7   Thumb Code     0  libinit2.o(.ARM.Collect$$libinit$$0000000E)
    __rt_lib_init_return                     0x000002e7   Thumb Code     0  libinit2.o(.ARM.Collect$$libinit$$00000033)
    __rt_lib_init_signal_1                   0x000002e7   Thumb Code     0  libinit2.o(.ARM.Collect$$libinit$$0000001D)
    __rt_lib_init_stdio_1                    0x000002e7   Thumb Code     0  libinit2.o(.ARM.Collect$$libinit$$00000025)
    __rt_lib_init_user_alloc_1               0x000002e7   Thumb Code     0  libinit2.o(.ARM.Collect$$libinit$$0000000C)
    __rt_lib_shutdown                        0x000002e9   Thumb Code     0  libshutdown.o(.ARM.Collect$$libshutdown$$00000000)
    __rt_lib_shutdown_cpp_1                  0x000002eb   Thumb Code     0  libshutdown2.o(.ARM.Collect$$libshutdown$$00000002)
    __rt_lib_shutdown_fp_trap_1              0x000002eb   Thumb Code     0  libshutdown2.o(.ARM.Collect$$libshutdown$$00000007)
    __rt_lib_shutdown_heap_1                 0x000002eb   Thumb Code     0  libshutdown2.o(.ARM.Collect$$libshutdown$$0000000F)
    __rt_lib_shutdown_return                 0x000002eb   Thumb Code     0  libshutdown2.o(.ARM.Collect$$libshutdown$$00000010)
    __rt_lib_shutdown_signal_1               0x000002eb   Thumb Code     0  libshutdown2.o(.ARM.Collect$$libshutdown$$0000000A)
    __rt_lib_shutdown_stdio_1                0x000002eb   Thumb Code     0  libshutdown2.o(.ARM.Collect$$libshutdown$$00000004)
    __rt_lib_shutdown_user_alloc_1           0x000002eb   Thumb Code     0  libshutdown2.o(.ARM.Collect$$libshutdown$$0000000C)
    __rt_entry                               0x000002ed   Thumb Code     0  __rtentry.o(.ARM.Collect$$rtentry$$00000000)
    __rt_entry_presh_1                       0x000002ed   Thumb Code     0  __rtentry2.o(.ARM.Collect$$rtentry$$00000002)
    __rt_entry_sh                            0x000002ed   Thumb Code     0  __rtentry4.o(.ARM.Collect$$rtentry$$00000004)
    __rt_entry_li                            0x000002f3   Thumb Code     0  __rtentry2.o(.ARM.Collect$$rtentry$$0000000A)
    __rt_entry_postsh_1                      0x000002f3   Thumb Code     0  __rtentry2.o(.ARM.Collect$$rtentry$$00000009)
    __rt_entry_main                          0x000002f7   Thumb Code     0  __rtentry2.o(.ARM.Collect$$rtentry$$0000000D)
    __rt_entry_postli_1                      0x000002f7   Thumb Code     0  __rtentry2.o(.ARM.Collect$$rtentry$$0000000C)
    __rt_exit                                0x000002ff   Thumb Code     0  rtexit.o(.ARM.Collect$$rtexit$$00000000)
    __rt_exit_ls                             0x00000301   Thumb Code     0  rtexit2.o(.ARM.Collect$$rtexit$$00000003)
    __rt_exit_prels_1                        0x00000301   Thumb Code     0  rtexit2.o(.ARM.Collect$$rtexit$$00000002)
    __rt_exit_exit                           0x00000305   Thumb Code     0  rtexit2.o(.ARM.Collect$$rtexit$$00000004)
    Reset_Handler                            0x0000030d   Thumb Code     8  startup_tm4c123.o(.text)
    NMI_Handler                              0x00000315   Thumb Code     2  startup_tm4c123.o(.text)
    HardFault_Handler                        0x00000317   Thumb Code     2  startup_tm4c123.o(.text)
    MemManage_Handler                        0x00000319   Thumb Code     2  startup_tm4c123.o(.text)
    BusFault_Handler                         0x0000031b   Thumb Code     2  startup_tm4c123.o(.text)
    UsageFault_Handler                       0x0000031d   Thumb Code     2  startup_tm4c123.o(.text)
    SVC_Handler                              0x0000031f   Thumb Code     2  startup_tm4c123.o(.text)
    DebugMon_Handler                         0x00000321   Thumb Code     2  startup_tm4c123.o(.text)
    PendSV_Handler                           0x00000323   Thumb Code     2  startup_tm4c123.o(.text)
    SysTick_Handler                          0x00000325   Thumb Code     2  startup_tm4c123.o(.text)
    UART0_Handler                            0x00000331   Thumb Code     2  startup_tm4c123.o(.text)
    UART1_Handler                            0x00000333   Thumb Code     2  startup_tm4c123.o(.text)
    SSI0_Handler                             0x00000335   Thumb Code     2  startup_tm4c123.o(.text)
    I2C0_Handler                             0x00000337   Thumb Code     2  startup_tm4c123.o(.text)
    PMW0_FAULT_Handler                       0x00000339   Thumb Code     2  startup_tm4c123.o(.text)
    PWM0_0_Handler                           0x0000033b   Thumb Code     2  startup_tm4c123.o(.text)
    PWM0_1_Handler                           0x0000033d   Thumb Code     2  startup_tm4c123.o(.text)
    PWM0_2_Handler                           0x0000033f   Thumb Code     2  startup_tm4c123.o(.text)
    QEI0_Handler                             0x00000341   Thumb Code     2  startup_tm4c123.o(.text)
    ADC0SS0_Handler                          0x00000343   Thumb Code     2  startup_tm4c123.o(.text)
    ADC0SS1_Handler                          0x00000345   Thumb Code     2  startup_tm4c123.o(.text)
    ADC0SS2_Handler                          0x00000347   Thumb Code     2  startup_tm4c123.o(.text)
    ADC0SS3_Handler                          0x00000349   Thumb Code     2  startup_tm4c123.o(.text)
    WDT0_Handler                             0x0000034b   Thumb Code     2  startup_tm4c123.o(.text)
    TIMER0B_Handler                          0x0000034f   Thumb Code     2  startup_tm4c123.o(.text)
    TIMER1A_Handler                          0x00000351   Thumb Code     2  startup_tm4c123.o(.text)
    TIMER1B_Handler                          0x00000353   Thumb Code     2  startup_tm4c123.o(.text)
    TIMER2A_Handler                          0x00000355   Thumb Code     2  startup_tm4c123.o(.text)
    TIMER2B_Handler                          0x00000357   Thumb Code     2  startup_tm4c123.o(.text)
    COMP0_Handler                            0x00000359   Thumb Code     2  startup_tm4c123.o(.text)
    COMP1_Handler                            0x0000035b   Thumb Code     2  startup_tm4c123.o(.text)
    COMP2_Handler                            0x0000035d   Thumb Code     2  startup_tm4c123.o(.text)
    SYSCTL_Handler                           0x0000035f   Thumb Code     2  startup_tm4c123.o(.text)
    FLASH_Handler                            0x00000361   Thumb Code     2  startup_tm4c123.o(.text)
    GPIOG_Handler                            0x00000365   Thumb Code     2  startup_tm4c123.o(.text)
    GPIOH_Handler                            0x00000367   Thumb Code     2  startup_tm4c123.o(.text)
    UART2_Handler                            0x00000369   Thumb Code     2  startup_tm4c123.o(.text)
    SSI1_Handler                             0x0000036b   Thumb Code     2  startup_tm4c123.o(.text)
    TIMER3A_Handler                          0x0000036d   Thumb Code     2  startup_tm4c123.o(.text)
    TIMER3B_Handler                          0x0000036f   Thumb Code     2  startup_tm4c123.o(.text)
    I2C1_Handler                             0x00000371   Thumb Code     2  startup_tm4c123.o(.text)
    QEI1_Handler                             0x00000373   Thumb Code     2  startup_tm4c123.o(.text)
    CAN0_Handler                             0x00000375   Thumb Code     2  startup_tm4c123.o(.text)
    CAN1_Handler                             0x00000377   Thumb Code     2  startup_tm4c123.o(.text)
    CAN2_Handler                             0x00000379   Thumb Code     2  startup_tm4c123.o(.text)
    HIB_Handler                              0x0000037b   Thumb Code     2  startup_tm4c123.o(.text)
    USB0_Handler                             0x0000037d   Thumb Code     2  startup_tm4c123.o(.text)
    PWM0_3_Handler                           0x0000037f   Thumb Code     2  startup_tm4c123.o(.text)
    UDMA_Handler                             0x00000381   Thumb Code     2  startup_tm4c123.o(.text)
    UDMAERR_Handler                          0x00000383   Thumb Code     2  startup_tm4c123.o(.text)
    ADC1SS0_Handler                          0x00000385   Thumb Code     2  startup_tm4c123.o(.text)
    ADC1SS1_Handler                          0x00000387   Thumb Code     2  startup_tm4c123.o(.text)
    ADC1SS2_Handler                          0x00000389   Thumb Code     2  startup_tm4c123.o(.text)
    ADC1SS3_Handler                          0x0000038b   Thumb Code     2  startup_tm4c123.o(.text)
    GPIOJ_Handler                            0x0000038d   Thumb Code     2  startup_tm4c123.o(.text)
    GPIOK_Handler                            0x0000038f   Thumb Code     2  startup_tm4c123.o(.text)
    GPIOL_Handler                            0x00000391   Thumb Code     2  startup_tm4c123.o(.text)
    SSI2_Handler                             0x00000393   Thumb Code     2  startup_tm4c123.o(.text)
    SSI3_Handler                             0x00000395   Thumb Code     2  startup_tm4c123.o(.text)
    UART3_Handler                            0x00000397   Thumb Code     2  startup_tm4c123.o(.text)
    UART4_Handler                            0x00000399   Thumb Code     2  startup_tm4c123.o(.text)
    UART5_Handler                            0x0000039b   Thumb Code     2  startup_tm4c123.o(.text)
    UART6_Handler                            0x0000039d   Thumb Code     2  startup_tm4c123.o(.text)
    UART7_Handler                            0x0000039f   Thumb Code     2  startup_tm4c123.o(.text)
    I2C2_Handler                             0x000003a1   Thumb Code     2  startup_tm4c123.o(.text)
    I2C3_Handler                             0x000003a3   Thumb Code     2  startup_tm4c123.o(.text)
    TIMER4A_Handler                          0x000003a5   Thumb Code     2  startup_tm4c123.o(.text)
    TIMER4B_Handler                          0x000003a7   Thumb Code     2  startup_tm4c123.o(.text)
    TIMER5A_Handler                          0x000003a9   Thumb Code     2  startup_tm4c123.o(.text)
    TIMER5B_Handler                          0x000003ab   Thumb Code     2  startup_tm4c123.o(.text)
    WTIMER0B_Handler                         0x000003af   Thumb Code     2  startup_tm4c123.o(.text)
    WTIMER1A_Handler                         0x000003b1   Thumb Code     2  startup_tm4c123.o(.text)
    WTIMER1B_Handler                         0x000003b3   Thumb Code     2  startup_tm4c123.o(.text)
    WTIMER2A_Handler                         0x000003b5   Thumb Code     2  startup_tm4c123.o(.text)
    WTIMER2B_Handler                         0x000003b7   Thumb Code     2  startup_tm4c123.o(.text)
    WTIMER3A_Handler                         0x000003b9   Thumb Code     2  startup_tm4c123.o(.text)
    WTIMER3B_Handler                         0x000003bb   Thumb Code     2  startup_tm4c123.o(.text)
    WTIMER4A_Handler                         0x000003bd   Thumb Code     2  startup_tm4c123.o(.text)
    WTIMER4B_Handler                         0x000003bf   Thumb Code     2  startup_tm4c123.o(.text)
    WTIMER5A_Handler                         0x000003c1   Thumb Code     2  startup_tm4c123.o(.text)
    WTIMER5B_Handler                         0x000003c3   Thumb Code     2  startup_tm4c123.o(.text)
    FPU_Handler                              0x000003c5   Thumb Code     2  startup_tm4c123.o(.text)
    I2C4_Handler                             0x000003c7   Thumb Code     2  startup_tm4c123.o(.text)
    I2C5_Handler                             0x000003c9   Thumb Code     2  startup_tm4c123.o(.text)
    GPIOM_Handler                            0x000003cb   Thumb Code     2  startup_tm4c123.o(.text)
    GPION_Handler                            0x000003cd   Thumb Code     2  startup_tm4c123.o(.text)
    QEI2_Handler                             0x000003cf   Thumb Code     2  startup_tm4c123.o(.text)
    GPIOP0_Handler                           0x000003d1   Thumb Code     2  startup_tm4c123.o(.text)
    GPIOP1_Handler                           0x000003d3   Thumb Code     2  startup_tm4c123.o(.text)
    GPIOP2_Handler                           0x000003d5   Thumb Code     2  startup_tm4c123.o(.text)
    GPIOP3_Handler                           0x000003d7   Thumb Code     2  startup_tm4c123.o(.text)
    GPIOP4_Handler                           0x000003d9   Thumb Code     2  startup_tm4c123.o(.text)
    GPIOP5_Handler                           0x000003db   Thumb Code     2  startup_tm4c123.o(.text)
    GPIOP6_Handler                           0x000003dd   Thumb Code     2  startup_tm4c123.o(.text)
    GPIOP7_Handler                           0x000003df   Thumb Code     2  startup_tm4c123.o(.text)
    GPIOQ0_Handler                           0x000003e1   Thumb Code     2  startup_tm4c123.o(.text)
    GPIOQ1_Handler                           0x000003e3   Thumb Code     2  startup_tm4c123.o(.text)
    GPIOQ2_Handler                           0x000003e5   Thumb Code     2  startup_tm4c123.o(.text)
    GPIOQ3_Handler                           0x000003e7   Thumb Code     2  startup_tm4c123.o(.text)
    GPIOQ4_Handler                           0x000003e9   Thumb Code     2  startup_tm4c123.o(.text)
    GPIOQ5_Handler                           0x000003eb   Thumb Code     2  startup_tm4c123.o(.text)
    GPIOQ6_Handler                           0x000003ed   Thumb Code     2  startup_tm4c123.o(.text)
    GPIOQ7_Handler                           0x000003ef   Thumb Code     2  startup_tm4c123.o(.text)
    GPIOR_Handler                            0x000003f1   Thumb Code     2  startup_tm4c123.o(.text)
    GPIOS_Handler                            0x000003f3   Thumb Code     2  startup_tm4c123.o(.text)
    PMW1_0_Handler                           0x000003f5   Thumb Code     2  startup_tm4c123.o(.text)
    PWM1_1_Handler                           0x000003f7   Thumb Code     2  startup_tm4c123.o(.text)
    PWM1_2_Handler                           0x000003f9   Thumb Code     2  startup_tm4c123.o(.text)
    PWM1_3_Handler                           0x000003fb   Thumb Code     2  startup_tm4c123.o(.text)
    PWM1_FAULT_Handler                       0x000003fd   Thumb Code     2  startup_tm4c123.o(.text)
    __user_initial_stackheap                 0x00000401   Thumb Code     0  startup_tm4c123.o(.text)
    __use_two_region_memory                  0x00000421   Thumb Code     2  heapauxi.o(.text)
    __rt_heap_escrow$2region                 0x00000423   Thumb Code     2  heapauxi.o(.text)
    __rt_heap_expand$2region                 0x00000425   Thumb Code     2  heapauxi.o(.text)
    __user_setup_stackheap                   0x00000427   Thumb Code    74  sys_stackheap_outer.o(.text)
    exit                                     0x00000471   Thumb Code    18  exit.o(.text)
    __user_libspace                          0x00000485   Thumb Code     8  libspace.o(.text)
    __user_perproc_libspace                  0x00000485   Thumb Code     0  libspace.o(.text)
    __user_perthread_libspace                0x00000485   Thumb Code     0  libspace.o(.text)
    _sys_exit                                0x0000048d   Thumb Code     8  sys_exit.o(.text)
    __I$use$semihosting                      0x00000499   Thumb Code     0  use_no_semi.o(.text)
    __use_no_semihosting_swi                 0x00000499   Thumb Code     2  use_no_semi.o(.text)
    __semihosting_library_function           0x0000049b   Thumb Code     0  indicate_semi.o(.text)
    BUTTON_init                              0x0000049d   Thumb Code    64  button.o(i.BUTTON_init)
    BUTTON_read                              0x000004e1   Thumb Code   102  button.o(i.BUTTON_read)
    GPIOA_Handler                            0x0000054d   Thumb Code    68  gpio_program.o(i.GPIOA_Handler)
    GPIOB_Handler                            0x00000599   Thumb Code    68  gpio_program.o(i.GPIOB_Handler)
    GPIOC_Handler                            0x000005e5   Thumb Code    68  gpio_program.o(i.GPIOC_Handler)
    GPIOD_Handler                            0x00000631   Thumb Code    68  gpio_program.o(i.GPIOD_Handler)
    GPIOE_Handler                            0x0000067d   Thumb Code    68  gpio_program.o(i.GPIOE_Handler)
    GPIOF_Handler                            0x000006c9   Thumb Code    68  gpio_program.o(i.GPIOF_Handler)
    GPIO_init                                0x00000715   Thumb Code  3328  gpio_program.o(i.GPIO_init)
    GPIO_read                                0x00001419   Thumb Code    64  gpio_program.o(i.GPIO_read)
    GPIO_toggle                              0x0000145d   Thumb Code    82  gpio_program.o(i.GPIO_toggle)
    GPIO_write                               0x000014b5   Thumb Code   152  gpio_program.o(i.GPIO_write)
    GPT_enable_interrupt                     0x00001551   Thumb Code   126  gpt_program.o(i.GPT_enable_interrupt)
    GPT_init                                 0x000015d9   Thumb Code   388  gpt_program.o(i.GPT_init)
    GPT_set_pwm                              0x00001771   Thumb Code   110  gpt_program.o(i.GPT_set_pwm)
    GPT_start_timer                          0x000017f9   Thumb Code   416  gpt_program.o(i.GPT_start_timer)
    GPT_stop_timer                           0x000019cd   Thumb Code    68  gpt_program.o(i.GPT_stop_timer)
    HANDLER_enable_interrupt                 0x00001a19   Thumb Code    24  htimer_program.o(i.HANDLER_enable_interrupt)
    HANDLER_init                             0x00001a31   Thumb Code    24  htimer_program.o(i.HANDLER_init)
    HANDLER_set_pwm                          0x00001a49   Thumb Code    40  htimer_program.o(i.HANDLER_set_pwm)
    HANDLER_start_timer                      0x00001a71   Thumb Code    40  htimer_program.o(i.HANDLER_start_timer)
    HANDLER_stop_timer                       0x00001a99   Thumb Code    24  htimer_program.o(i.HANDLER_stop_timer)
    LED_init                                 0x00001ab1   Thumb Code    66  led.o(i.LED_init)
    LED_off                                  0x00001af9   Thumb Code    98  led.o(i.LED_off)
    LED_toggle                               0x00001b61   Thumb Code    96  led.o(i.LED_toggle)
    SystemInit                               0x00001bc5   Thumb Code   112  system_tm4c123.o(i.SystemInit)
    TIMER0A_Handler                          0x00001c5d   Thumb Code    28  gpt_program.o(i.TIMER0A_Handler)
    WTIMER0A_Handler                         0x00001c81   Thumb Code    80  gpt_program.o(i.WTIMER0A_Handler)
    app_init                                 0x00001d09   Thumb Code    30  app.o(i.app_init)
    app_start                                0x00001d31   Thumb Code   222  app.o(i.app_start)
    main                                     0x00001e19   Thumb Code    14  main.o(i.main)
    switch_cycle_pwm                         0x00001e27   Thumb Code    10  app.o(i.switch_cycle_pwm)
    __aeabi_ddiv                             0x00001e31   Thumb Code     0  ddiv.o(x$fpl$ddiv)
    _ddiv                                    0x00001e31   Thumb Code   552  ddiv.o(x$fpl$ddiv)
    __aeabi_d2uiz                            0x000020e1   Thumb Code     0  dfixu.o(x$fpl$dfixu)
    _dfixu                                   0x000020e1   Thumb Code    90  dfixu.o(x$fpl$dfixu)
    __aeabi_ui2d                             0x0000213b   Thumb Code     0  dflt_clz.o(x$fpl$dfltu)
    _dfltu                                   0x0000213b   Thumb Code    38  dflt_clz.o(x$fpl$dfltu)
    __fpl_dnaninf                            0x00002161   Thumb Code   156  dnaninf.o(x$fpl$dnaninf)
    __fpl_dretinf                            0x000021fd   Thumb Code    12  dretinf.o(x$fpl$dretinf)
    _fp_init                                 0x00002209   Thumb Code    10  fpinit.o(x$fpl$fpinit)
    __fplib_config_fpu_vfp                   0x00002211   Thumb Code     0  fpinit.o(x$fpl$fpinit)
    __fplib_config_pureend_doubles           0x00002211   Thumb Code     0  fpinit.o(x$fpl$fpinit)
    __I$use$fp                               0x00002212   Number         0  usenofp.o(x$fpl$usenofp)
    gl_Led_Config                            0x00002214   Data          60  led_cfg.o(.constdata)
    gl_button_Config                         0x00002250   Data          40  button_cfg.o(.constdata)
    Region$$Table$$Base                      0x00002278   Number         0  anon$$obj.o(Region$$Table)
    Region$$Table$$Limit                     0x00002298   Number         0  anon$$obj.o(Region$$Table)
    gl_app_state                             0x20000000   Data           1  app.o(.data)
    gl_lock_state                            0x20000001   Data           1  app.o(.data)
    str_gl_pwm                               0x20000004   Data           8  app.o(.data)
    str_gl_timer_debouncing                  0x2000000c   Data           8  app.o(.data)
    __libspace_start                         0x20000124   Data          96  libspace.o(.bss)
    __temporary_stack_top$libspace           0x20000184   Data           0  libspace.o(.bss)



==============================================================================

Memory Map of the image

  Image Entry point : 0x0000030d

  Load Region LR_1 (Base: 0x00000000, Size: 0x000022c0, Max: 0xffffffff, ABSOLUTE)

    Execution Region ER_RO (Exec base: 0x00000000, Load base: 0x00000000, Size: 0x00002298, Max: 0xffffffff, ABSOLUTE)

    Exec Addr    Load Addr    Size         Type   Attr      Idx    E Section Name        Object

    0x00000000   0x00000000   0x0000026c   Data   RO          446    RESET               startup_tm4c123.o
    0x0000026c   0x0000026c   0x00000008   Code   RO          500  * !!!main             c_w.l(__main.o)
    0x00000274   0x00000274   0x00000034   Code   RO          676    !!!scatter          c_w.l(__scatter.o)
    0x000002a8   0x000002a8   0x0000001a   Code   RO          678    !!handler_copy      c_w.l(__scatter_copy.o)
    0x000002c2   0x000002c2   0x00000002   PAD
    0x000002c4   0x000002c4   0x0000001c   Code   RO          680    !!handler_zi        c_w.l(__scatter_zi.o)
    0x000002e0   0x000002e0   0x00000002   Code   RO          546    .ARM.Collect$$libinit$$00000000  c_w.l(libinit.o)
    0x000002e2   0x000002e2   0x00000004   Code   RO          552    .ARM.Collect$$libinit$$00000001  c_w.l(libinit2.o)
    0x000002e6   0x000002e6   0x00000000   Code   RO          555    .ARM.Collect$$libinit$$00000004  c_w.l(libinit2.o)
    0x000002e6   0x000002e6   0x00000000   Code   RO          558    .ARM.Collect$$libinit$$0000000A  c_w.l(libinit2.o)
    0x000002e6   0x000002e6   0x00000000   Code   RO          560    .ARM.Collect$$libinit$$0000000C  c_w.l(libinit2.o)
    0x000002e6   0x000002e6   0x00000000   Code   RO          562    .ARM.Collect$$libinit$$0000000E  c_w.l(libinit2.o)
    0x000002e6   0x000002e6   0x00000000   Code   RO          565    .ARM.Collect$$libinit$$00000011  c_w.l(libinit2.o)
    0x000002e6   0x000002e6   0x00000000   Code   RO          567    .ARM.Collect$$libinit$$00000013  c_w.l(libinit2.o)
    0x000002e6   0x000002e6   0x00000000   Code   RO          569    .ARM.Collect$$libinit$$00000015  c_w.l(libinit2.o)
    0x000002e6   0x000002e6   0x00000000   Code   RO          571    .ARM.Collect$$libinit$$00000017  c_w.l(libinit2.o)
    0x000002e6   0x000002e6   0x00000000   Code   RO          573    .ARM.Collect$$libinit$$00000019  c_w.l(libinit2.o)
    0x000002e6   0x000002e6   0x00000000   Code   RO          575    .ARM.Collect$$libinit$$0000001B  c_w.l(libinit2.o)
    0x000002e6   0x000002e6   0x00000000   Code   RO          577    .ARM.Collect$$libinit$$0000001D  c_w.l(libinit2.o)
    0x000002e6   0x000002e6   0x00000000   Code   RO          579    .ARM.Collect$$libinit$$0000001F  c_w.l(libinit2.o)
    0x000002e6   0x000002e6   0x00000000   Code   RO          581    .ARM.Collect$$libinit$$00000021  c_w.l(libinit2.o)
    0x000002e6   0x000002e6   0x00000000   Code   RO          583    .ARM.Collect$$libinit$$00000023  c_w.l(libinit2.o)
    0x000002e6   0x000002e6   0x00000000   Code   RO          585    .ARM.Collect$$libinit$$00000025  c_w.l(libinit2.o)
    0x000002e6   0x000002e6   0x00000000   Code   RO          589    .ARM.Collect$$libinit$$0000002C  c_w.l(libinit2.o)
    0x000002e6   0x000002e6   0x00000000   Code   RO          591    .ARM.Collect$$libinit$$0000002E  c_w.l(libinit2.o)
    0x000002e6   0x000002e6   0x00000000   Code   RO          593    .ARM.Collect$$libinit$$00000030  c_w.l(libinit2.o)
    0x000002e6   0x000002e6   0x00000000   Code   RO          595    .ARM.Collect$$libinit$$00000032  c_w.l(libinit2.o)
    0x000002e6   0x000002e6   0x00000002   Code   RO          596    .ARM.Collect$$libinit$$00000033  c_w.l(libinit2.o)
    0x000002e8   0x000002e8   0x00000002   Code   RO          616    .ARM.Collect$$libshutdown$$00000000  c_w.l(libshutdown.o)
    0x000002ea   0x000002ea   0x00000000   Code   RO          629    .ARM.Collect$$libshutdown$$00000002  c_w.l(libshutdown2.o)
    0x000002ea   0x000002ea   0x00000000   Code   RO          631    .ARM.Collect$$libshutdown$$00000004  c_w.l(libshutdown2.o)
    0x000002ea   0x000002ea   0x00000000   Code   RO          634    .ARM.Collect$$libshutdown$$00000007  c_w.l(libshutdown2.o)
    0x000002ea   0x000002ea   0x00000000   Code   RO          637    .ARM.Collect$$libshutdown$$0000000A  c_w.l(libshutdown2.o)
    0x000002ea   0x000002ea   0x00000000   Code   RO          639    .ARM.Collect$$libshutdown$$0000000C  c_w.l(libshutdown2.o)
    0x000002ea   0x000002ea   0x00000000   Code   RO          642    .ARM.Collect$$libshutdown$$0000000F  c_w.l(libshutdown2.o)
    0x000002ea   0x000002ea   0x00000002   Code   RO          643    .ARM.Collect$$libshutdown$$00000010  c_w.l(libshutdown2.o)
    0x000002ec   0x000002ec   0x00000000   Code   RO          516    .ARM.Collect$$rtentry$$00000000  c_w.l(__rtentry.o)
    0x000002ec   0x000002ec   0x00000000   Code   RO          523    .ARM.Collect$$rtentry$$00000002  c_w.l(__rtentry2.o)
    0x000002ec   0x000002ec   0x00000006   Code   RO          535    .ARM.Collect$$rtentry$$00000004  c_w.l(__rtentry4.o)
    0x000002f2   0x000002f2   0x00000000   Code   RO          525    .ARM.Collect$$rtentry$$00000009  c_w.l(__rtentry2.o)
    0x000002f2   0x000002f2   0x00000004   Code   RO          526    .ARM.Collect$$rtentry$$0000000A  c_w.l(__rtentry2.o)
    0x000002f6   0x000002f6   0x00000000   Code   RO          528    .ARM.Collect$$rtentry$$0000000C  c_w.l(__rtentry2.o)
    0x000002f6   0x000002f6   0x00000008   Code   RO          529    .ARM.Collect$$rtentry$$0000000D  c_w.l(__rtentry2.o)
    0x000002fe   0x000002fe   0x00000002   Code   RO          550    .ARM.Collect$$rtexit$$00000000  c_w.l(rtexit.o)
    0x00000300   0x00000300   0x00000000   Code   RO          598    .ARM.Collect$$rtexit$$00000002  c_w.l(rtexit2.o)
    0x00000300   0x00000300   0x00000004   Code   RO          599    .ARM.Collect$$rtexit$$00000003  c_w.l(rtexit2.o)
    0x00000304   0x00000304   0x00000006   Code   RO          600    .ARM.Collect$$rtexit$$00000004  c_w.l(rtexit2.o)
    0x0000030a   0x0000030a   0x00000002   PAD
    0x0000030c   0x0000030c   0x00000114   Code   RO          447  * .text               startup_tm4c123.o
    0x00000420   0x00000420   0x00000006   Code   RO          498    .text               c_w.l(heapauxi.o)
    0x00000426   0x00000426   0x0000004a   Code   RO          537    .text               c_w.l(sys_stackheap_outer.o)
    0x00000470   0x00000470   0x00000012   Code   RO          539    .text               c_w.l(exit.o)
    0x00000482   0x00000482   0x00000002   PAD
    0x00000484   0x00000484   0x00000008   Code   RO          547    .text               c_w.l(libspace.o)
    0x0000048c   0x0000048c   0x0000000c   Code   RO          608    .text               c_w.l(sys_exit.o)
    0x00000498   0x00000498   0x00000002   Code   RO          619    .text               c_w.l(use_no_semi.o)
    0x0000049a   0x0000049a   0x00000000   Code   RO          621    .text               c_w.l(indicate_semi.o)
    0x0000049a   0x0000049a   0x00000002   PAD
    0x0000049c   0x0000049c   0x00000044   Code   RO          237    i.BUTTON_init       button.o
    0x000004e0   0x000004e0   0x0000006c   Code   RO          238    i.BUTTON_read       button.o
    0x0000054c   0x0000054c   0x0000004c   Code   RO           63    i.GPIOA_Handler     gpio_program.o
    0x00000598   0x00000598   0x0000004c   Code   RO           64    i.GPIOB_Handler     gpio_program.o
    0x000005e4   0x000005e4   0x0000004c   Code   RO           65    i.GPIOC_Handler     gpio_program.o
    0x00000630   0x00000630   0x0000004c   Code   RO           66    i.GPIOD_Handler     gpio_program.o
    0x0000067c   0x0000067c   0x0000004c   Code   RO           67    i.GPIOE_Handler     gpio_program.o
    0x000006c8   0x000006c8   0x0000004c   Code   RO           68    i.GPIOF_Handler     gpio_program.o
    0x00000714   0x00000714   0x00000d04   Code   RO           71    i.GPIO_init         gpio_program.o
    0x00001418   0x00001418   0x00000044   Code   RO           72    i.GPIO_read         gpio_program.o
    0x0000145c   0x0000145c   0x00000058   Code   RO           73    i.GPIO_toggle       gpio_program.o
    0x000014b4   0x000014b4   0x0000009c   Code   RO           74    i.GPIO_write        gpio_program.o
    0x00001550   0x00001550   0x00000088   Code   RO          275    i.GPT_enable_interrupt  gpt_program.o
    0x000015d8   0x000015d8   0x00000198   Code   RO          278    i.GPT_init          gpt_program.o
    0x00001770   0x00001770   0x00000088   Code   RO          279    i.GPT_set_pwm       gpt_program.o
    0x000017f8   0x000017f8   0x000001d4   Code   RO          280    i.GPT_start_timer   gpt_program.o
    0x000019cc   0x000019cc   0x0000004c   Code   RO          281    i.GPT_stop_timer    gpt_program.o
    0x00001a18   0x00001a18   0x00000018   Code   RO          388    i.HANDLER_enable_interrupt  htimer_program.o
    0x00001a30   0x00001a30   0x00000018   Code   RO          391    i.HANDLER_init      htimer_program.o
    0x00001a48   0x00001a48   0x00000028   Code   RO          392    i.HANDLER_set_pwm   htimer_program.o
    0x00001a70   0x00001a70   0x00000028   Code   RO          393    i.HANDLER_start_timer  htimer_program.o
    0x00001a98   0x00001a98   0x00000018   Code   RO          394    i.HANDLER_stop_timer  htimer_program.o
    0x00001ab0   0x00001ab0   0x00000048   Code   RO          191    i.LED_init          led.o
    0x00001af8   0x00001af8   0x00000068   Code   RO          192    i.LED_off           led.o
    0x00001b60   0x00001b60   0x00000064   Code   RO          194    i.LED_toggle        led.o
    0x00001bc4   0x00001bc4   0x00000098   Code   RO          455    i.SystemInit        system_tm4c123.o
    0x00001c5c   0x00001c5c   0x00000024   Code   RO          282    i.TIMER0A_Handler   gpt_program.o
    0x00001c80   0x00001c80   0x00000064   Code   RO          283    i.WTIMER0A_Handler  gpt_program.o
    0x00001ce4   0x00001ce4   0x00000022   Code   RO          285    i.__NVIC_EnableIRQ  gpt_program.o
    0x00001d06   0x00001d06   0x00000002   PAD
    0x00001d08   0x00001d08   0x00000028   Code   RO            1    i.app_init          app.o
    0x00001d30   0x00001d30   0x000000e8   Code   RO            2    i.app_start         app.o
    0x00001e18   0x00001e18   0x0000000e   Code   RO          372    i.main              main.o
    0x00001e26   0x00001e26   0x0000000a   Code   RO            3    i.switch_cycle_pwm  app.o
    0x00001e30   0x00001e30   0x000002b0   Code   RO          503    x$fpl$ddiv          fz_wm.l(ddiv.o)
    0x000020e0   0x000020e0   0x0000005a   Code   RO          506    x$fpl$dfixu         fz_wm.l(dfixu.o)
    0x0000213a   0x0000213a   0x00000026   Code   RO          510    x$fpl$dfltu         fz_wm.l(dflt_clz.o)
    0x00002160   0x00002160   0x0000009c   Code   RO          517    x$fpl$dnaninf       fz_wm.l(dnaninf.o)
    0x000021fc   0x000021fc   0x0000000c   Code   RO          519    x$fpl$dretinf       fz_wm.l(dretinf.o)
    0x00002208   0x00002208   0x0000000a   Code   RO          606    x$fpl$fpinit        fz_wm.l(fpinit.o)
    0x00002212   0x00002212   0x00000000   Code   RO          521    x$fpl$usenofp       fz_wm.l(usenofp.o)
    0x00002212   0x00002212   0x00000002   PAD
    0x00002214   0x00002214   0x0000003c   Data   RO          228    .constdata          led_cfg.o
    0x00002250   0x00002250   0x00000028   Data   RO          262    .constdata          button_cfg.o
    0x00002278   0x00002278   0x00000020   Data   RO          674    Region$$Table       anon$$obj.o


    Execution Region ER_RW (Exec base: 0x20000000, Load base: 0x00002298, Size: 0x00000028, Max: 0xffffffff, ABSOLUTE)

    Exec Addr    Load Addr    Size         Type   Attr      Idx    E Section Name        Object

    0x20000000   0x00002298   0x00000014   Data   RW            4    .data               app.o
    0x20000014   0x000022ac   0x0000000d   Data   RW           77    .data               gpio_program.o
    0x20000021   0x000022b9   0x00000001   PAD
    0x20000022   0x000022ba   0x00000005   Data   RW          287    .data               gpt_program.o


    Execution Region ER_ZI (Exec base: 0x20000028, Load base: 0x000022c0, Size: 0x00000360, Max: 0xffffffff, ABSOLUTE)

    Exec Addr    Load Addr    Size         Type   Attr      Idx    E Section Name        Object

    0x20000028        -       0x000000c0   Zero   RW           76    .bss                gpio_program.o
    0x200000e8        -       0x0000003c   Zero   RW          286    .bss                gpt_program.o
    0x20000124        -       0x00000060   Zero   RW          548    .bss                c_w.l(libspace.o)
    0x20000184   0x000022c0   0x00000004   PAD
    0x20000188        -       0x00000000   Zero   RW          445    HEAP                startup_tm4c123.o
    0x20000188        -       0x00000200   Zero   RW          444    STACK               startup_tm4c123.o


==============================================================================

Image component sizes


      Code (inc. data)   RO Data    RW Data    ZI Data      Debug   Object Name

       282         20          0         20          0      10054   app.o
       176         10          0          0          0       2615   button.o
         0          0         40          0          0        607   button_cfg.o
      4100         96          0         13        192      31847   gpio_program.o
      1394        144          0          5         60       7740   gpt_program.o
       152          0          0          0          0       4299   htimer_program.o
       276         16          0          0          0       2654   led.o
         0          0         60          0          0        572   led_cfg.o
        14          0          0          0          0        443   main.o
       276         24        620          0        512       5436   startup_tm4c123.o
       152         40          0          0          0        581   system_tm4c123.o

    ----------------------------------------------------------------------
      6824        350        752         40        764      66848   Object Totals
         0          0         32          0          0          0   (incl. Generated)
         2          0          0          2          0          0   (incl. Padding)

    ----------------------------------------------------------------------

      Code (inc. data)   RO Data    RW Data    ZI Data      Debug   Library Member Name

         8          0          0          0          0         68   __main.o
         0          0          0          0          0          0   __rtentry.o
        12          0          0          0          0          0   __rtentry2.o
         6          0          0          0          0          0   __rtentry4.o
        52          8          0          0          0          0   __scatter.o
        26          0          0          0          0          0   __scatter_copy.o
        28          0          0          0          0          0   __scatter_zi.o
        18          0          0          0          0         80   exit.o
         6          0          0          0          0        152   heapauxi.o
         0          0          0          0          0          0   indicate_semi.o
         2          0          0          0          0          0   libinit.o
         6          0          0          0          0          0   libinit2.o
         2          0          0          0          0          0   libshutdown.o
         2          0          0          0          0          0   libshutdown2.o
         8          4          0          0         96         68   libspace.o
         2          0          0          0          0          0   rtexit.o
        10          0          0          0          0          0   rtexit2.o
        12          4          0          0          0         68   sys_exit.o
        74          0          0          0          0         80   sys_stackheap_outer.o
         2          0          0          0          0         68   use_no_semi.o
       688        140          0          0          0        256   ddiv.o
        90          4          0          0          0        140   dfixu.o
        38          0          0          0          0        116   dflt_clz.o
       156          4          0          0          0        140   dnaninf.o
        12          0          0          0          0        116   dretinf.o
        10          0          0          0          0        116   fpinit.o
         0          0          0          0          0          0   usenofp.o

    ----------------------------------------------------------------------
      1280        164          0          0        100       1468   Library Totals
        10          0          0          0          4          0   (incl. Padding)

    ----------------------------------------------------------------------

      Code (inc. data)   RO Data    RW Data    ZI Data      Debug   Library Name

       276         16          0          0         96        584   c_w.l
       994        148          0          0          0        884   fz_wm.l

    ----------------------------------------------------------------------
      1280        164          0          0        100       1468   Library Totals

    ----------------------------------------------------------------------

==============================================================================


      Code (inc. data)   RO Data    RW Data    ZI Data      Debug   

      8104        514        752         40        864      64660   Grand Totals
      8104        514        752         40        864      64660   ELF Image Totals
      8104        514        752         40          0          0   ROM Totals

==============================================================================

    Total RO  Size (Code + RO Data)                 8856 (   8.65kB)
    Total RW  Size (RW Data + ZI Data)               904 (   0.88kB)
    Total ROM Size (Code + RO Data + RW Data)       8896 (   8.69kB)

==============================================================================

